edges
| UnsafeDeserialization.rb:10:5:10:19 | serialized_data | UnsafeDeserialization.rb:11:27:11:41 | serialized_data |
| UnsafeDeserialization.rb:10:23:10:50 | call to decode64 | UnsafeDeserialization.rb:10:5:10:19 | serialized_data |
| UnsafeDeserialization.rb:10:39:10:44 | call to params | UnsafeDeserialization.rb:10:39:10:50 | ...[...] |
| UnsafeDeserialization.rb:10:39:10:50 | ...[...] | UnsafeDeserialization.rb:10:23:10:50 | call to decode64 |
| UnsafeDeserialization.rb:16:5:16:19 | serialized_data | UnsafeDeserialization.rb:17:30:17:44 | serialized_data |
| UnsafeDeserialization.rb:16:23:16:50 | call to decode64 | UnsafeDeserialization.rb:16:5:16:19 | serialized_data |
| UnsafeDeserialization.rb:16:39:16:44 | call to params | UnsafeDeserialization.rb:16:39:16:50 | ...[...] |
| UnsafeDeserialization.rb:16:39:16:50 | ...[...] | UnsafeDeserialization.rb:16:23:16:50 | call to decode64 |
| UnsafeDeserialization.rb:22:5:22:13 | json_data | UnsafeDeserialization.rb:23:24:23:32 | json_data |
| UnsafeDeserialization.rb:22:17:22:22 | call to params | UnsafeDeserialization.rb:22:17:22:28 | ...[...] |
| UnsafeDeserialization.rb:22:17:22:28 | ...[...] | UnsafeDeserialization.rb:22:5:22:13 | json_data |
| UnsafeDeserialization.rb:28:5:28:13 | json_data | UnsafeDeserialization.rb:29:27:29:35 | json_data |
| UnsafeDeserialization.rb:28:17:28:22 | call to params | UnsafeDeserialization.rb:28:17:28:28 | ...[...] |
| UnsafeDeserialization.rb:28:17:28:28 | ...[...] | UnsafeDeserialization.rb:28:5:28:13 | json_data |
| UnsafeDeserialization.rb:40:5:40:13 | yaml_data | UnsafeDeserialization.rb:41:24:41:32 | yaml_data |
| UnsafeDeserialization.rb:40:17:40:22 | call to params | UnsafeDeserialization.rb:40:17:40:28 | ...[...] |
| UnsafeDeserialization.rb:40:17:40:28 | ...[...] | UnsafeDeserialization.rb:40:5:40:13 | yaml_data |
| UnsafeDeserialization.rb:52:5:52:13 | json_data | UnsafeDeserialization.rb:53:22:53:30 | json_data |
| UnsafeDeserialization.rb:52:5:52:13 | json_data | UnsafeDeserialization.rb:54:22:54:30 | json_data |
| UnsafeDeserialization.rb:52:17:52:22 | call to params | UnsafeDeserialization.rb:52:17:52:28 | ...[...] |
| UnsafeDeserialization.rb:52:17:52:28 | ...[...] | UnsafeDeserialization.rb:52:5:52:13 | json_data |
| UnsafeDeserialization.rb:59:5:59:13 | json_data | UnsafeDeserialization.rb:69:23:69:31 | json_data |
| UnsafeDeserialization.rb:59:17:59:22 | call to params | UnsafeDeserialization.rb:59:17:59:28 | ...[...] |
| UnsafeDeserialization.rb:59:17:59:28 | ...[...] | UnsafeDeserialization.rb:59:5:59:13 | json_data |
| UnsafeDeserialization.rb:81:5:81:7 | xml | UnsafeDeserialization.rb:82:34:82:36 | xml |
| UnsafeDeserialization.rb:81:11:81:16 | call to params | UnsafeDeserialization.rb:81:11:81:22 | ...[...] |
| UnsafeDeserialization.rb:81:11:81:22 | ...[...] | UnsafeDeserialization.rb:81:5:81:7 | xml |
| UnsafeDeserialization.rb:87:5:87:13 | yaml_data | UnsafeDeserialization.rb:88:25:88:33 | yaml_data |
| UnsafeDeserialization.rb:87:17:87:22 | call to params | UnsafeDeserialization.rb:87:17:87:28 | ...[...] |
| UnsafeDeserialization.rb:87:17:87:28 | ...[...] | UnsafeDeserialization.rb:87:5:87:13 | yaml_data |
| UnsafeDeserialization.rb:94:5:94:13 | yaml_data | UnsafeDeserialization.rb:95:25:95:33 | yaml_data |
| UnsafeDeserialization.rb:94:17:94:22 | call to params | UnsafeDeserialization.rb:94:17:94:28 | ...[...] |
| UnsafeDeserialization.rb:94:17:94:28 | ...[...] | UnsafeDeserialization.rb:94:5:94:13 | yaml_data |
| UnsafeDeserialization.rb:109:5:109:13 | yaml_data | UnsafeDeserialization.rb:110:32:110:40 | yaml_data |
| UnsafeDeserialization.rb:109:5:109:13 | yaml_data | UnsafeDeserialization.rb:111:37:111:45 | yaml_data |
| UnsafeDeserialization.rb:109:5:109:13 | yaml_data | UnsafeDeserialization.rb:112:32:112:40 | yaml_data |
| UnsafeDeserialization.rb:109:5:109:13 | yaml_data | UnsafeDeserialization.rb:113:20:113:48 | call to parse_stream |
| UnsafeDeserialization.rb:109:5:109:13 | yaml_data | UnsafeDeserialization.rb:115:14:115:35 | call to parse |
| UnsafeDeserialization.rb:109:5:109:13 | yaml_data | UnsafeDeserialization.rb:116:14:116:40 | call to parse_file |
| UnsafeDeserialization.rb:109:5:109:13 | yaml_data | UnsafeDeserialization.rb:117:19:117:47 | call to parse_stream |
| UnsafeDeserialization.rb:109:5:109:13 | yaml_data | UnsafeDeserialization.rb:117:19:117:47 | call to parse_stream |
| UnsafeDeserialization.rb:109:5:109:13 | yaml_data | UnsafeDeserialization.rb:118:5:118:24 | call to children |
| UnsafeDeserialization.rb:109:5:109:13 | yaml_data | UnsafeDeserialization.rb:124:14:124:33 | call to children |
| UnsafeDeserialization.rb:109:5:109:13 | yaml_data | UnsafeDeserialization.rb:124:14:124:39 | call to first |
| UnsafeDeserialization.rb:109:5:109:13 | yaml_data | UnsafeDeserialization.rb:125:15:125:34 | call to children |
| UnsafeDeserialization.rb:109:5:109:13 | yaml_data | UnsafeDeserialization.rb:125:15:125:46 | call to children |
| UnsafeDeserialization.rb:109:5:109:13 | yaml_data | UnsafeDeserialization.rb:125:15:125:58 | call to children |
| UnsafeDeserialization.rb:109:5:109:13 | yaml_data | UnsafeDeserialization.rb:128:14:128:44 | call to children |
| UnsafeDeserialization.rb:109:5:109:13 | yaml_data | UnsafeDeserialization.rb:128:14:128:47 | ...[...] |
| UnsafeDeserialization.rb:109:17:109:22 | call to params | UnsafeDeserialization.rb:109:17:109:28 | ...[...] |
| UnsafeDeserialization.rb:109:17:109:28 | ...[...] | UnsafeDeserialization.rb:109:5:109:13 | yaml_data |
| UnsafeDeserialization.rb:117:19:117:47 | call to parse_stream | UnsafeDeserialization.rb:118:5:118:24 | call to children |
| UnsafeDeserialization.rb:117:19:117:47 | call to parse_stream | UnsafeDeserialization.rb:124:14:124:33 | call to children |
| UnsafeDeserialization.rb:117:19:117:47 | call to parse_stream | UnsafeDeserialization.rb:124:14:124:39 | call to first |
| UnsafeDeserialization.rb:117:19:117:47 | call to parse_stream | UnsafeDeserialization.rb:125:15:125:34 | call to children |
| UnsafeDeserialization.rb:117:19:117:47 | call to parse_stream | UnsafeDeserialization.rb:125:15:125:46 | call to children |
| UnsafeDeserialization.rb:117:19:117:47 | call to parse_stream | UnsafeDeserialization.rb:125:15:125:58 | call to children |
| UnsafeDeserialization.rb:118:5:118:24 | call to children | UnsafeDeserialization.rb:118:35:118:39 | child |
| UnsafeDeserialization.rb:124:14:124:33 | call to children | UnsafeDeserialization.rb:124:14:124:39 | call to first |
| UnsafeDeserialization.rb:125:15:125:34 | call to children | UnsafeDeserialization.rb:125:15:125:37 | ...[...] |
| UnsafeDeserialization.rb:125:15:125:34 | call to children | UnsafeDeserialization.rb:125:15:125:46 | call to children |
| UnsafeDeserialization.rb:125:15:125:34 | call to children | UnsafeDeserialization.rb:125:15:125:58 | call to children |
| UnsafeDeserialization.rb:125:15:125:37 | ...[...] | UnsafeDeserialization.rb:125:15:125:46 | call to children |
| UnsafeDeserialization.rb:125:15:125:37 | ...[...] | UnsafeDeserialization.rb:125:15:125:58 | call to children |
| UnsafeDeserialization.rb:125:15:125:46 | call to children | UnsafeDeserialization.rb:125:15:125:49 | ...[...] |
| UnsafeDeserialization.rb:125:15:125:46 | call to children | UnsafeDeserialization.rb:125:15:125:58 | call to children |
| UnsafeDeserialization.rb:125:15:125:49 | ...[...] | UnsafeDeserialization.rb:125:15:125:58 | call to children |
| UnsafeDeserialization.rb:128:14:128:44 | call to children | UnsafeDeserialization.rb:128:14:128:47 | ...[...] |
| UnsafeDeserialization.rb:133:5:133:14 | plist_data | UnsafeDeserialization.rb:134:30:134:39 | plist_data |
| UnsafeDeserialization.rb:133:5:133:14 | plist_data | UnsafeDeserialization.rb:135:30:135:39 | plist_data |
| UnsafeDeserialization.rb:133:18:133:23 | call to params | UnsafeDeserialization.rb:133:18:133:29 | ...[...] |
| UnsafeDeserialization.rb:133:18:133:29 | ...[...] | UnsafeDeserialization.rb:133:5:133:14 | plist_data |
nodes
| UnsafeDeserialization.rb:10:5:10:19 | serialized_data | semmle.label | serialized_data |
| UnsafeDeserialization.rb:10:23:10:50 | call to decode64 | semmle.label | call to decode64 |
| UnsafeDeserialization.rb:10:39:10:44 | call to params | semmle.label | call to params |
| UnsafeDeserialization.rb:10:39:10:50 | ...[...] | semmle.label | ...[...] |
| UnsafeDeserialization.rb:11:27:11:41 | serialized_data | semmle.label | serialized_data |
| UnsafeDeserialization.rb:16:5:16:19 | serialized_data | semmle.label | serialized_data |
| UnsafeDeserialization.rb:16:23:16:50 | call to decode64 | semmle.label | call to decode64 |
| UnsafeDeserialization.rb:16:39:16:44 | call to params | semmle.label | call to params |
| UnsafeDeserialization.rb:16:39:16:50 | ...[...] | semmle.label | ...[...] |
| UnsafeDeserialization.rb:17:30:17:44 | serialized_data | semmle.label | serialized_data |
| UnsafeDeserialization.rb:22:5:22:13 | json_data | semmle.label | json_data |
| UnsafeDeserialization.rb:22:17:22:22 | call to params | semmle.label | call to params |
| UnsafeDeserialization.rb:22:17:22:28 | ...[...] | semmle.label | ...[...] |
| UnsafeDeserialization.rb:23:24:23:32 | json_data | semmle.label | json_data |
| UnsafeDeserialization.rb:28:5:28:13 | json_data | semmle.label | json_data |
| UnsafeDeserialization.rb:28:17:28:22 | call to params | semmle.label | call to params |
| UnsafeDeserialization.rb:28:17:28:28 | ...[...] | semmle.label | ...[...] |
| UnsafeDeserialization.rb:29:27:29:35 | json_data | semmle.label | json_data |
| UnsafeDeserialization.rb:40:5:40:13 | yaml_data | semmle.label | yaml_data |
| UnsafeDeserialization.rb:40:17:40:22 | call to params | semmle.label | call to params |
| UnsafeDeserialization.rb:40:17:40:28 | ...[...] | semmle.label | ...[...] |
| UnsafeDeserialization.rb:41:24:41:32 | yaml_data | semmle.label | yaml_data |
| UnsafeDeserialization.rb:52:5:52:13 | json_data | semmle.label | json_data |
| UnsafeDeserialization.rb:52:17:52:22 | call to params | semmle.label | call to params |
| UnsafeDeserialization.rb:52:17:52:28 | ...[...] | semmle.label | ...[...] |
| UnsafeDeserialization.rb:53:22:53:30 | json_data | semmle.label | json_data |
| UnsafeDeserialization.rb:54:22:54:30 | json_data | semmle.label | json_data |
| UnsafeDeserialization.rb:59:5:59:13 | json_data | semmle.label | json_data |
| UnsafeDeserialization.rb:59:17:59:22 | call to params | semmle.label | call to params |
| UnsafeDeserialization.rb:59:17:59:28 | ...[...] | semmle.label | ...[...] |
| UnsafeDeserialization.rb:69:23:69:31 | json_data | semmle.label | json_data |
| UnsafeDeserialization.rb:81:5:81:7 | xml | semmle.label | xml |
| UnsafeDeserialization.rb:81:11:81:16 | call to params | semmle.label | call to params |
| UnsafeDeserialization.rb:81:11:81:22 | ...[...] | semmle.label | ...[...] |
| UnsafeDeserialization.rb:82:34:82:36 | xml | semmle.label | xml |
| UnsafeDeserialization.rb:87:5:87:13 | yaml_data | semmle.label | yaml_data |
| UnsafeDeserialization.rb:87:17:87:22 | call to params | semmle.label | call to params |
| UnsafeDeserialization.rb:87:17:87:28 | ...[...] | semmle.label | ...[...] |
| UnsafeDeserialization.rb:88:25:88:33 | yaml_data | semmle.label | yaml_data |
| UnsafeDeserialization.rb:94:5:94:13 | yaml_data | semmle.label | yaml_data |
| UnsafeDeserialization.rb:94:17:94:22 | call to params | semmle.label | call to params |
| UnsafeDeserialization.rb:94:17:94:28 | ...[...] | semmle.label | ...[...] |
| UnsafeDeserialization.rb:95:25:95:33 | yaml_data | semmle.label | yaml_data |
| UnsafeDeserialization.rb:109:5:109:13 | yaml_data | semmle.label | yaml_data |
| UnsafeDeserialization.rb:109:17:109:22 | call to params | semmle.label | call to params |
| UnsafeDeserialization.rb:109:17:109:28 | ...[...] | semmle.label | ...[...] |
| UnsafeDeserialization.rb:110:32:110:40 | yaml_data | semmle.label | yaml_data |
| UnsafeDeserialization.rb:111:37:111:45 | yaml_data | semmle.label | yaml_data |
| UnsafeDeserialization.rb:112:32:112:40 | yaml_data | semmle.label | yaml_data |
| UnsafeDeserialization.rb:113:20:113:48 | call to parse_stream | semmle.label | call to parse_stream |
| UnsafeDeserialization.rb:115:14:115:35 | call to parse | semmle.label | call to parse |
| UnsafeDeserialization.rb:116:14:116:40 | call to parse_file | semmle.label | call to parse_file |
| UnsafeDeserialization.rb:117:19:117:47 | call to parse_stream | semmle.label | call to parse_stream |
| UnsafeDeserialization.rb:117:19:117:47 | call to parse_stream | semmle.label | call to parse_stream |
| UnsafeDeserialization.rb:118:5:118:24 | call to children | semmle.label | call to children |
| UnsafeDeserialization.rb:118:35:118:39 | child | semmle.label | child |
| UnsafeDeserialization.rb:124:14:124:33 | call to children | semmle.label | call to children |
| UnsafeDeserialization.rb:124:14:124:39 | call to first | semmle.label | call to first |
| UnsafeDeserialization.rb:125:15:125:34 | call to children | semmle.label | call to children |
| UnsafeDeserialization.rb:125:15:125:37 | ...[...] | semmle.label | ...[...] |
| UnsafeDeserialization.rb:125:15:125:46 | call to children | semmle.label | call to children |
| UnsafeDeserialization.rb:125:15:125:49 | ...[...] | semmle.label | ...[...] |
| UnsafeDeserialization.rb:125:15:125:58 | call to children | semmle.label | call to children |
| UnsafeDeserialization.rb:128:14:128:44 | call to children | semmle.label | call to children |
| UnsafeDeserialization.rb:128:14:128:47 | ...[...] | semmle.label | ...[...] |
| UnsafeDeserialization.rb:133:5:133:14 | plist_data | semmle.label | plist_data |
| UnsafeDeserialization.rb:133:18:133:23 | call to params | semmle.label | call to params |
| UnsafeDeserialization.rb:133:18:133:29 | ...[...] | semmle.label | ...[...] |
| UnsafeDeserialization.rb:134:30:134:39 | plist_data | semmle.label | plist_data |
| UnsafeDeserialization.rb:135:30:135:39 | plist_data | semmle.label | plist_data |
| UnsafeDeserialization.rb:145:24:145:34 | call to read | semmle.label | call to read |
| UnsafeDeserialization.rb:148:24:148:33 | call to gets | semmle.label | call to gets |
| UnsafeDeserialization.rb:151:24:151:32 | call to read | semmle.label | call to read |
| UnsafeDeserialization.rb:154:24:154:27 | call to gets | semmle.label | call to gets |
| UnsafeDeserialization.rb:157:24:157:32 | call to readlines | semmle.label | call to readlines |
subpaths
#select
| UnsafeDeserialization.rb:11:27:11:41 | serialized_data | UnsafeDeserialization.rb:10:39:10:44 | call to params | UnsafeDeserialization.rb:11:27:11:41 | serialized_data | Unsafe deserialization depends on a $@. | UnsafeDeserialization.rb:10:39:10:44 | call to params | user-provided value |
| UnsafeDeserialization.rb:17:30:17:44 | serialized_data | UnsafeDeserialization.rb:16:39:16:44 | call to params | UnsafeDeserialization.rb:17:30:17:44 | serialized_data | Unsafe deserialization depends on a $@. | UnsafeDeserialization.rb:16:39:16:44 | call to params | user-provided value |
| UnsafeDeserialization.rb:23:24:23:32 | json_data | UnsafeDeserialization.rb:22:17:22:22 | call to params | UnsafeDeserialization.rb:23:24:23:32 | json_data | Unsafe deserialization depends on a $@. | UnsafeDeserialization.rb:22:17:22:22 | call to params | user-provided value |
| UnsafeDeserialization.rb:29:27:29:35 | json_data | UnsafeDeserialization.rb:28:17:28:22 | call to params | UnsafeDeserialization.rb:29:27:29:35 | json_data | Unsafe deserialization depends on a $@. | UnsafeDeserialization.rb:28:17:28:22 | call to params | user-provided value |
| UnsafeDeserialization.rb:41:24:41:32 | yaml_data | UnsafeDeserialization.rb:40:17:40:22 | call to params | UnsafeDeserialization.rb:41:24:41:32 | yaml_data | Unsafe deserialization depends on a $@. | UnsafeDeserialization.rb:40:17:40:22 | call to params | user-provided value |
| UnsafeDeserialization.rb:53:22:53:30 | json_data | UnsafeDeserialization.rb:52:17:52:22 | call to params | UnsafeDeserialization.rb:53:22:53:30 | json_data | Unsafe deserialization depends on a $@. | UnsafeDeserialization.rb:52:17:52:22 | call to params | user-provided value |
| UnsafeDeserialization.rb:54:22:54:30 | json_data | UnsafeDeserialization.rb:52:17:52:22 | call to params | UnsafeDeserialization.rb:54:22:54:30 | json_data | Unsafe deserialization depends on a $@. | UnsafeDeserialization.rb:52:17:52:22 | call to params | user-provided value |
| UnsafeDeserialization.rb:69:23:69:31 | json_data | UnsafeDeserialization.rb:59:17:59:22 | call to params | UnsafeDeserialization.rb:69:23:69:31 | json_data | Unsafe deserialization depends on a $@. | UnsafeDeserialization.rb:59:17:59:22 | call to params | user-provided value |
| UnsafeDeserialization.rb:82:34:82:36 | xml | UnsafeDeserialization.rb:81:11:81:16 | call to params | UnsafeDeserialization.rb:82:34:82:36 | xml | Unsafe deserialization depends on a $@. | UnsafeDeserialization.rb:81:11:81:16 | call to params | user-provided value |
| UnsafeDeserialization.rb:88:25:88:33 | yaml_data | UnsafeDeserialization.rb:87:17:87:22 | call to params | UnsafeDeserialization.rb:88:25:88:33 | yaml_data | Unsafe deserialization depends on a $@. | UnsafeDeserialization.rb:87:17:87:22 | call to params | user-provided value |
| UnsafeDeserialization.rb:95:25:95:33 | yaml_data | UnsafeDeserialization.rb:94:17:94:22 | call to params | UnsafeDeserialization.rb:95:25:95:33 | yaml_data | Unsafe deserialization depends on a $@. | UnsafeDeserialization.rb:94:17:94:22 | call to params | user-provided value |
| UnsafeDeserialization.rb:110:32:110:40 | yaml_data | UnsafeDeserialization.rb:109:17:109:22 | call to params | UnsafeDeserialization.rb:110:32:110:40 | yaml_data | Unsafe deserialization depends on a $@. | UnsafeDeserialization.rb:109:17:109:22 | call to params | user-provided value |
| UnsafeDeserialization.rb:111:37:111:45 | yaml_data | UnsafeDeserialization.rb:109:17:109:22 | call to params | UnsafeDeserialization.rb:111:37:111:45 | yaml_data | Unsafe deserialization depends on a $@. | UnsafeDeserialization.rb:109:17:109:22 | call to params | user-provided value |
| UnsafeDeserialization.rb:112:32:112:40 | yaml_data | UnsafeDeserialization.rb:109:17:109:22 | call to params | UnsafeDeserialization.rb:112:32:112:40 | yaml_data | Unsafe deserialization depends on a $@. | UnsafeDeserialization.rb:109:17:109:22 | call to params | user-provided value |
| UnsafeDeserialization.rb:113:20:113:48 | call to parse_stream | UnsafeDeserialization.rb:109:17:109:22 | call to params | UnsafeDeserialization.rb:113:20:113:48 | call to parse_stream | Unsafe deserialization depends on a $@. | UnsafeDeserialization.rb:109:17:109:22 | call to params | user-provided value |
| UnsafeDeserialization.rb:115:14:115:35 | call to parse | UnsafeDeserialization.rb:109:17:109:22 | call to params | UnsafeDeserialization.rb:115:14:115:35 | call to parse | Unsafe deserialization depends on a $@. | UnsafeDeserialization.rb:109:17:109:22 | call to params | user-provided value |
| UnsafeDeserialization.rb:116:14:116:40 | call to parse_file | UnsafeDeserialization.rb:109:17:109:22 | call to params | UnsafeDeserialization.rb:116:14:116:40 | call to parse_file | Unsafe deserialization depends on a $@. | UnsafeDeserialization.rb:109:17:109:22 | call to params | user-provided value |
| UnsafeDeserialization.rb:117:19:117:47 | call to parse_stream | UnsafeDeserialization.rb:109:17:109:22 | call to params | UnsafeDeserialization.rb:117:19:117:47 | call to parse_stream | Unsafe deserialization depends on a $@. | UnsafeDeserialization.rb:109:17:109:22 | call to params | user-provided value |
| UnsafeDeserialization.rb:118:35:118:39 | child | UnsafeDeserialization.rb:109:17:109:22 | call to params | UnsafeDeserialization.rb:118:35:118:39 | child | Unsafe deserialization depends on a $@. | UnsafeDeserialization.rb:109:17:109:22 | call to params | user-provided value |
| UnsafeDeserialization.rb:124:14:124:39 | call to first | UnsafeDeserialization.rb:109:17:109:22 | call to params | UnsafeDeserialization.rb:124:14:124:39 | call to first | Unsafe deserialization depends on a $@. | UnsafeDeserialization.rb:109:17:109:22 | call to params | user-provided value |
| UnsafeDeserialization.rb:125:15:125:58 | call to children | UnsafeDeserialization.rb:109:17:109:22 | call to params | UnsafeDeserialization.rb:125:15:125:58 | call to children | Unsafe deserialization depends on a $@. | UnsafeDeserialization.rb:109:17:109:22 | call to params | user-provided value |
| UnsafeDeserialization.rb:128:14:128:47 | ...[...] | UnsafeDeserialization.rb:109:17:109:22 | call to params | UnsafeDeserialization.rb:128:14:128:47 | ...[...] | Unsafe deserialization depends on a $@. | UnsafeDeserialization.rb:109:17:109:22 | call to params | user-provided value |
| UnsafeDeserialization.rb:134:30:134:39 | plist_data | UnsafeDeserialization.rb:133:18:133:23 | call to params | UnsafeDeserialization.rb:134:30:134:39 | plist_data | Unsafe deserialization depends on a $@. | UnsafeDeserialization.rb:133:18:133:23 | call to params | user-provided value |
| UnsafeDeserialization.rb:135:30:135:39 | plist_data | UnsafeDeserialization.rb:133:18:133:23 | call to params | UnsafeDeserialization.rb:135:30:135:39 | plist_data | Unsafe deserialization depends on a $@. | UnsafeDeserialization.rb:133:18:133:23 | call to params | user-provided value |
| UnsafeDeserialization.rb:145:24:145:34 | call to read | UnsafeDeserialization.rb:145:24:145:34 | call to read | UnsafeDeserialization.rb:145:24:145:34 | call to read | Unsafe deserialization depends on a $@. | UnsafeDeserialization.rb:145:24:145:34 | call to read | value from stdin |
| UnsafeDeserialization.rb:148:24:148:33 | call to gets | UnsafeDeserialization.rb:148:24:148:33 | call to gets | UnsafeDeserialization.rb:148:24:148:33 | call to gets | Unsafe deserialization depends on a $@. | UnsafeDeserialization.rb:148:24:148:33 | call to gets | value from stdin |
| UnsafeDeserialization.rb:151:24:151:32 | call to read | UnsafeDeserialization.rb:151:24:151:32 | call to read | UnsafeDeserialization.rb:151:24:151:32 | call to read | Unsafe deserialization depends on a $@. | UnsafeDeserialization.rb:151:24:151:32 | call to read | value from stdin |
| UnsafeDeserialization.rb:154:24:154:27 | call to gets | UnsafeDeserialization.rb:154:24:154:27 | call to gets | UnsafeDeserialization.rb:154:24:154:27 | call to gets | Unsafe deserialization depends on a $@. | UnsafeDeserialization.rb:154:24:154:27 | call to gets | value from stdin |
| UnsafeDeserialization.rb:157:24:157:32 | call to readlines | UnsafeDeserialization.rb:157:24:157:32 | call to readlines | UnsafeDeserialization.rb:157:24:157:32 | call to readlines | Unsafe deserialization depends on a $@. | UnsafeDeserialization.rb:157:24:157:32 | call to readlines | value from stdin |
